919580b 2026-05-29 cópias dos ficheiros html, css e php para entrega Guião W2 (Paulo)
6e60e4b 2026-05-29 documentos de entrega Guião W2 Paulo (Paulo)
c0266ee 2026-05-29 scripts PHP para área do cliente e vendedor (Paulo)
fbe57e4 2026-05-28 base de dados (Paulo)
5d6234e 2026-05-27 Merge pull request #5 from carol-kazue/Ana-Inada (Ana Carolina Kazue Inada)
cbd3f32 2026-05-27 processo de pagemento desktop (Ana Carolina Kazue Inada)
142cd76 2026-05-27 page adm desktop criar e editar evento (Ana Carolina Kazue Inada)
e49bf86 2026-05-27 area do adm- desktop css (Ana Carolina Kazue Inada)
65bc75a 2026-05-22 Alterado index (Pedro-glitch-afk)
557cf9a 2026-05-22 Merge pull request #3 from carol-kazue/Pedro (Pedro-glitch-afk)
6e89579 2026-05-22 Merge branch 'main' into Pedro (Pedro-glitch-afk)
b24121b 2026-05-22 Alteracao de eventos (Pedro-glitch-afk)
a235cbe 2026-05-22 Alteracao login/registo (Pedro-glitch-afk)
d8045bc 2026-05-22 Alteraçao pagina main (Pedro-glitch-afk)
f018d07 2026-05-22 criacao detalhe evento adm (Pedro-glitch-afk)
0435a78 2026-05-22 Acrescentado detalhe evento (Pedro-glitch-afk)
97abe5c 2026-05-22 Criacao registo.html (Pedro-glitch-afk)
79516b8 2026-05-22 criação login (Pedro-glitch-afk)
b5e5a52 2026-05-22 Merge pull request #2 from carol-kazue/Ana-Inada (Ana Carolina Kazue Inada)
36a1a9c 2026-05-22 Update index.html (Ana Carolina Kazue Inada)
b1cfb0a 2026-05-22 Merge pull request #1 from carol-kazue/Paulo-Costa (Paulo Costa)
a72d278 2026-05-22 Index (pilhax)
fd4e6ed 2026-05-22 diretorios e html (pilhax)
7471e36 2026-05-21 Create README.md (Pedro-glitch-afk)
9b8dfd7 2026-05-18 Remoçao teste (Pedro-glitch-afk)
04e69e2 2026-05-15 test (Pedro-glitch-afk)
78602bf 2026-05-15 User Stories (pilhax07)